[2026-05-19 16:06:21] INFO [generatetext.py:440 generatetext()] - 管线开始，output_dir=D:\compile\Test\output work_dir=D:\compile\Test
[2026-05-19 16:06:21] INFO [generatetext.py:50 _step_file_collection()] - 选择文件 D:\compile\Test\output\大模型课题一任务书-2025.09.03-【终稿】_extract\full.md 来自文件夹 大模型课题一任务书-2025.09.03-【终稿】_extract
[2026-05-19 16:06:21] WARNING [generatetext.py:53 _step_file_collection()] - 存在复数文件，仅处理第一个
[2026-05-19 16:06:21] INFO [generatetext.py:349 initialize_generated_flags()] - 已初始化所有节点的 '已生成' 标记为 0：D:\compile\Test\output\大模型课题一任务书-2025.09.03-【终稿】_extract\rewritedirectorytreenode.json
[2026-05-19 16:06:22] INFO [_base_client.py:1071 _sleep_for_retry()] - Retrying request to /chat/completions in 0.469769 seconds
[2026-05-19 16:06:23] INFO [_base_client.py:1071 _sleep_for_retry()] - Retrying request to /chat/completions in 0.765426 seconds
[2026-05-19 16:06:23] ERROR [generatetext.py:299 _generate_leaf()] - 调用 ai_chat_with_progress 失败: Connection error.
[2026-05-19 16:06:24] INFO [_base_client.py:1071 _sleep_for_retry()] - Retrying request to /chat/completions in 0.379568 seconds
[2026-05-19 16:06:24] INFO [_base_client.py:1071 _sleep_for_retry()] - Retrying request to /chat/completions in 0.775063 seconds
[2026-05-19 16:06:25] ERROR [generatetext.py:299 _generate_leaf()] - 调用 ai_chat_with_progress 失败: Connection error.
[2026-05-19 16:06:25] INFO [_base_client.py:1071 _sleep_for_retry()] - Retrying request to /chat/completions in 0.381106 seconds
[2026-05-19 16:06:26] INFO [_base_client.py:1071 _sleep_for_retry()] - Retrying request to /chat/completions in 0.778680 seconds
[2026-05-19 16:06:26] ERROR [generatetext.py:299 _generate_leaf()] - 调用 ai_chat_with_progress 失败: Connection error.
[2026-05-19 16:06:27] INFO [_base_client.py:1071 _sleep_for_retry()] - Retrying request to /chat/completions in 0.466521 seconds
[2026-05-19 16:06:27] INFO [_base_client.py:1071 _sleep_for_retry()] - Retrying request to /chat/completions in 0.963982 seconds
[2026-05-19 16:06:28] ERROR [generatetext.py:299 _generate_leaf()] - 调用 ai_chat_with_progress 失败: Connection error.
[2026-05-19 16:06:28] INFO [_base_client.py:1071 _sleep_for_retry()] - Retrying request to /chat/completions in 0.486794 seconds
[2026-05-19 16:06:29] INFO [_base_client.py:1071 _sleep_for_retry()] - Retrying request to /chat/completions in 0.945562 seconds
[2026-05-19 16:06:30] ERROR [generatetext.py:299 _generate_leaf()] - 调用 ai_chat_with_progress 失败: Connection error.
[2026-05-19 16:06:30] INFO [_base_client.py:1071 _sleep_for_retry()] - Retrying request to /chat/completions in 0.458806 seconds
[2026-05-19 16:06:31] INFO [_base_client.py:1071 _sleep_for_retry()] - Retrying request to /chat/completions in 0.837078 seconds
[2026-05-19 16:06:31] ERROR [generatetext.py:299 _generate_leaf()] - 调用 ai_chat_with_progress 失败: Connection error.
[2026-05-19 16:06:32] INFO [_base_client.py:1071 _sleep_for_retry()] - Retrying request to /chat/completions in 0.474801 seconds
[2026-05-19 16:06:32] INFO [_base_client.py:1071 _sleep_for_retry()] - Retrying request to /chat/completions in 0.854230 seconds
[2026-05-19 16:06:33] ERROR [generatetext.py:299 _generate_leaf()] - 调用 ai_chat_with_progress 失败: Connection error.
[2026-05-19 16:06:34] INFO [_base_client.py:1071 _sleep_for_retry()] - Retrying request to /chat/completions in 0.438147 seconds
[2026-05-19 16:06:34] INFO [_base_client.py:1071 _sleep_for_retry()] - Retrying request to /chat/completions in 0.768246 seconds
[2026-05-19 16:06:35] ERROR [generatetext.py:299 _generate_leaf()] - 调用 ai_chat_with_progress 失败: Connection error.
[2026-05-19 16:06:35] INFO [_base_client.py:1071 _sleep_for_retry()] - Retrying request to /chat/completions in 0.421766 seconds
[2026-05-19 16:06:35] INFO [_base_client.py:1071 _sleep_for_retry()] - Retrying request to /chat/completions in 0.829062 seconds
[2026-05-19 16:06:36] ERROR [generatetext.py:299 _generate_leaf()] - 调用 ai_chat_with_progress 失败: Connection error.
[2026-05-19 16:06:37] INFO [_base_client.py:1071 _sleep_for_retry()] - Retrying request to /chat/completions in 0.467374 seconds
[2026-05-19 16:06:37] INFO [_base_client.py:1071 _sleep_for_retry()] - Retrying request to /chat/completions in 0.938365 seconds
[2026-05-19 16:06:38] ERROR [generatetext.py:299 _generate_leaf()] - 调用 ai_chat_with_progress 失败: Connection error.
[2026-05-19 16:06:38] INFO [_base_client.py:1071 _sleep_for_retry()] - Retrying request to /chat/completions in 0.415517 seconds
[2026-05-19 16:06:39] INFO [_base_client.py:1071 _sleep_for_retry()] - Retrying request to /chat/completions in 0.838038 seconds
[2026-05-19 16:06:40] ERROR [generatetext.py:299 _generate_leaf()] - 调用 ai_chat_with_progress 失败: Connection error.
[2026-05-19 16:06:40] INFO [_base_client.py:1071 _sleep_for_retry()] - Retrying request to /chat/completions in 0.466150 seconds
[2026-05-19 16:06:40] INFO [_base_client.py:1071 _sleep_for_retry()] - Retrying request to /chat/completions in 0.888482 seconds
[2026-05-19 16:06:41] ERROR [generatetext.py:299 _generate_leaf()] - 调用 ai_chat_with_progress 失败: Connection error.
[2026-05-19 16:06:42] INFO [_base_client.py:1071 _sleep_for_retry()] - Retrying request to /chat/completions in 0.471621 seconds
[2026-05-19 16:06:42] INFO [_base_client.py:1071 _sleep_for_retry()] - Retrying request to /chat/completions in 0.894205 seconds
[2026-05-19 16:06:43] ERROR [generatetext.py:299 _generate_leaf()] - 调用 ai_chat_with_progress 失败: Connection error.
[2026-05-19 16:06:43] INFO [_base_client.py:1071 _sleep_for_retry()] - Retrying request to /chat/completions in 0.423760 seconds
[2026-05-19 16:06:44] INFO [_base_client.py:1071 _sleep_for_retry()] - Retrying request to /chat/completions in 0.896522 seconds
[2026-05-19 16:06:45] ERROR [generatetext.py:299 _generate_leaf()] - 调用 ai_chat_with_progress 失败: Connection error.
[2026-05-19 16:06:45] INFO [_base_client.py:1071 _sleep_for_retry()] - Retrying request to /chat/completions in 0.454136 seconds
[2026-05-19 16:06:46] INFO [_base_client.py:1071 _sleep_for_retry()] - Retrying request to /chat/completions in 0.834151 seconds
[2026-05-19 16:06:46] ERROR [generatetext.py:299 _generate_leaf()] - 调用 ai_chat_with_progress 失败: Connection error.
[2026-05-19 16:06:47] INFO [_base_client.py:1071 _sleep_for_retry()] - Retrying request to /chat/completions in 0.471650 seconds
[2026-05-19 16:06:47] INFO [_base_client.py:1071 _sleep_for_retry()] - Retrying request to /chat/completions in 0.875249 seconds
[2026-05-19 16:06:48] ERROR [generatetext.py:299 _generate_leaf()] - 调用 ai_chat_with_progress 失败: Connection error.
[2026-05-19 16:06:49] INFO [_base_client.py:1071 _sleep_for_retry()] - Retrying request to /chat/completions in 0.491639 seconds
[2026-05-19 16:06:49] INFO [_base_client.py:1071 _sleep_for_retry()] - Retrying request to /chat/completions in 0.836491 seconds
[2026-05-19 16:06:50] ERROR [generatetext.py:299 _generate_leaf()] - 调用 ai_chat_with_progress 失败: Connection error.
[2026-05-19 16:06:50] INFO [_base_client.py:1071 _sleep_for_retry()] - Retrying request to /chat/completions in 0.379221 seconds
[2026-05-19 16:06:51] INFO [_base_client.py:1071 _sleep_for_retry()] - Retrying request to /chat/completions in 0.825434 seconds
[2026-05-19 16:06:51] ERROR [generatetext.py:299 _generate_leaf()] - 调用 ai_chat_with_progress 失败: Connection error.
[2026-05-19 16:06:52] INFO [_base_client.py:1071 _sleep_for_retry()] - Retrying request to /chat/completions in 0.461293 seconds
[2026-05-19 16:06:52] INFO [_base_client.py:1071 _sleep_for_retry()] - Retrying request to /chat/completions in 0.804513 seconds
[2026-05-19 16:06:53] ERROR [generatetext.py:299 _generate_leaf()] - 调用 ai_chat_with_progress 失败: Connection error.
[2026-05-19 16:06:53] INFO [_base_client.py:1071 _sleep_for_retry()] - Retrying request to /chat/completions in 0.470856 seconds
[2026-05-19 16:06:54] INFO [_base_client.py:1071 _sleep_for_retry()] - Retrying request to /chat/completions in 0.972952 seconds
[2026-05-19 16:06:55] ERROR [generatetext.py:299 _generate_leaf()] - 调用 ai_chat_with_progress 失败: Connection error.
[2026-05-19 16:06:55] INFO [_base_client.py:1071 _sleep_for_retry()] - Retrying request to /chat/completions in 0.415605 seconds
[2026-05-19 16:06:56] INFO [_base_client.py:1071 _sleep_for_retry()] - Retrying request to /chat/completions in 0.758667 seconds
[2026-05-19 16:06:56] ERROR [generatetext.py:299 _generate_leaf()] - 调用 ai_chat_with_progress 失败: Connection error.
[2026-05-19 16:06:57] INFO [_base_client.py:1071 _sleep_for_retry()] - Retrying request to /chat/completions in 0.467870 seconds
[2026-05-19 16:06:57] INFO [_base_client.py:1071 _sleep_for_retry()] - Retrying request to /chat/completions in 0.798924 seconds
[2026-05-19 16:06:58] ERROR [generatetext.py:299 _generate_leaf()] - 调用 ai_chat_with_progress 失败: Connection error.
[2026-05-19 16:06:58] INFO [_base_client.py:1071 _sleep_for_retry()] - Retrying request to /chat/completions in 0.378318 seconds
[2026-05-19 16:06:59] INFO [_base_client.py:1071 _sleep_for_retry()] - Retrying request to /chat/completions in 0.827307 seconds
[2026-05-19 16:07:00] ERROR [generatetext.py:299 _generate_leaf()] - 调用 ai_chat_with_progress 失败: Connection error.
[2026-05-19 16:07:00] INFO [_base_client.py:1071 _sleep_for_retry()] - Retrying request to /chat/completions in 0.386231 seconds
[2026-05-19 16:07:00] INFO [_base_client.py:1071 _sleep_for_retry()] - Retrying request to /chat/completions in 0.921220 seconds
[2026-05-19 16:07:01] ERROR [generatetext.py:299 _generate_leaf()] - 调用 ai_chat_with_progress 失败: Connection error.
[2026-05-19 16:07:02] INFO [_base_client.py:1071 _sleep_for_retry()] - Retrying request to /chat/completions in 0.452723 seconds
[2026-05-19 16:07:02] INFO [_base_client.py:1071 _sleep_for_retry()] - Retrying request to /chat/completions in 0.799745 seconds
[2026-05-19 16:07:03] ERROR [generatetext.py:299 _generate_leaf()] - 调用 ai_chat_with_progress 失败: Connection error.
[2026-05-19 16:07:03] INFO [_base_client.py:1071 _sleep_for_retry()] - Retrying request to /chat/completions in 0.384579 seconds
