[2026-05-19 16:05:19] INFO [generatetext.py:440 generatetext()] - 管线开始，output_dir=D:\compile\Test\output work_dir=D:\compile\Test
[2026-05-19 16:05:19] INFO [generatetext.py:50 _step_file_collection()] - 选择文件 D:\compile\Test\output\大模型课题一任务书-2025.09.03-【终稿】_extract\full.md 来自文件夹 大模型课题一任务书-2025.09.03-【终稿】_extract
[2026-05-19 16:05:19] WARNING [generatetext.py:53 _step_file_collection()] - 存在复数文件，仅处理第一个
[2026-05-19 16:05:19] INFO [generatetext.py:349 initialize_generated_flags()] - 已初始化所有节点的 '已生成' 标记为 0：D:\compile\Test\output\大模型课题一任务书-2025.09.03-【终稿】_extract\rewritedirectorytreenode.json
[2026-05-19 16:05:21] INFO [_base_client.py:1071 _sleep_for_retry()] - Retrying request to /chat/completions in 0.387168 seconds
[2026-05-19 16:05:21] INFO [_base_client.py:1071 _sleep_for_retry()] - Retrying request to /chat/completions in 0.907151 seconds
[2026-05-19 16:05:22] ERROR [generatetext.py:299 _generate_leaf()] - 调用 ai_chat_with_progress 失败: Connection error.
[2026-05-19 16:05:22] INFO [_base_client.py:1071 _sleep_for_retry()] - Retrying request to /chat/completions in 0.411512 seconds
[2026-05-19 16:05:23] INFO [_base_client.py:1071 _sleep_for_retry()] - Retrying request to /chat/completions in 0.776049 seconds
[2026-05-19 16:05:23] ERROR [generatetext.py:299 _generate_leaf()] - 调用 ai_chat_with_progress 失败: Connection error.
[2026-05-19 16:05:24] INFO [_base_client.py:1071 _sleep_for_retry()] - Retrying request to /chat/completions in 0.377090 seconds
[2026-05-19 16:05:24] INFO [_base_client.py:1071 _sleep_for_retry()] - Retrying request to /chat/completions in 0.957173 seconds
[2026-05-19 16:05:25] ERROR [generatetext.py:299 _generate_leaf()] - 调用 ai_chat_with_progress 失败: Connection error.
[2026-05-19 16:05:25] INFO [_base_client.py:1071 _sleep_for_retry()] - Retrying request to /chat/completions in 0.447819 seconds
[2026-05-19 16:05:26] INFO [_base_client.py:1071 _sleep_for_retry()] - Retrying request to /chat/completions in 0.759005 seconds
[2026-05-19 16:05:27] ERROR [generatetext.py:299 _generate_leaf()] - 调用 ai_chat_with_progress 失败: Connection error.
[2026-05-19 16:05:27] INFO [_base_client.py:1071 _sleep_for_retry()] - Retrying request to /chat/completions in 0.458229 seconds
[2026-05-19 16:05:27] INFO [_base_client.py:1071 _sleep_for_retry()] - Retrying request to /chat/completions in 0.969842 seconds
[2026-05-19 16:05:28] ERROR [generatetext.py:299 _generate_leaf()] - 调用 ai_chat_with_progress 失败: Connection error.
[2026-05-19 16:05:29] INFO [_base_client.py:1071 _sleep_for_retry()] - Retrying request to /chat/completions in 0.459215 seconds
[2026-05-19 16:05:29] INFO [_base_client.py:1071 _sleep_for_retry()] - Retrying request to /chat/completions in 0.811387 seconds
[2026-05-19 16:05:30] ERROR [generatetext.py:299 _generate_leaf()] - 调用 ai_chat_with_progress 失败: Connection error.
[2026-05-19 16:05:30] INFO [_base_client.py:1071 _sleep_for_retry()] - Retrying request to /chat/completions in 0.477726 seconds
[2026-05-19 16:05:31] INFO [_base_client.py:1071 _sleep_for_retry()] - Retrying request to /chat/completions in 0.787591 seconds
[2026-05-19 16:05:32] ERROR [generatetext.py:299 _generate_leaf()] - 调用 ai_chat_with_progress 失败: Connection error.
[2026-05-19 16:05:32] INFO [_base_client.py:1071 _sleep_for_retry()] - Retrying request to /chat/completions in 0.452357 seconds
[2026-05-19 16:05:32] INFO [_base_client.py:1071 _sleep_for_retry()] - Retrying request to /chat/completions in 0.902606 seconds
[2026-05-19 16:05:33] ERROR [generatetext.py:299 _generate_leaf()] - 调用 ai_chat_with_progress 失败: Connection error.
[2026-05-19 16:05:34] INFO [_base_client.py:1071 _sleep_for_retry()] - Retrying request to /chat/completions in 0.479928 seconds
[2026-05-19 16:05:34] INFO [_base_client.py:1071 _sleep_for_retry()] - Retrying request to /chat/completions in 0.804750 seconds
[2026-05-19 16:05:35] ERROR [generatetext.py:299 _generate_leaf()] - 调用 ai_chat_with_progress 失败: Connection error.
[2026-05-19 16:05:35] INFO [_base_client.py:1071 _sleep_for_retry()] - Retrying request to /chat/completions in 0.376288 seconds
[2026-05-19 16:05:36] INFO [_base_client.py:1071 _sleep_for_retry()] - Retrying request to /chat/completions in 0.854747 seconds
[2026-05-19 16:05:37] ERROR [generatetext.py:299 _generate_leaf()] - 调用 ai_chat_with_progress 失败: Connection error.
[2026-05-19 16:05:37] INFO [_base_client.py:1071 _sleep_for_retry()] - Retrying request to /chat/completions in 0.471717 seconds
[2026-05-19 16:05:37] INFO [_base_client.py:1071 _sleep_for_retry()] - Retrying request to /chat/completions in 0.953766 seconds
[2026-05-19 16:05:38] ERROR [generatetext.py:299 _generate_leaf()] - 调用 ai_chat_with_progress 失败: Connection error.
[2026-05-19 16:05:39] INFO [_base_client.py:1071 _sleep_for_retry()] - Retrying request to /chat/completions in 0.498182 seconds
[2026-05-19 16:05:39] INFO [_base_client.py:1071 _sleep_for_retry()] - Retrying request to /chat/completions in 0.784742 seconds
[2026-05-19 16:05:40] ERROR [generatetext.py:299 _generate_leaf()] - 调用 ai_chat_with_progress 失败: Connection error.
[2026-05-19 16:05:40] INFO [_base_client.py:1071 _sleep_for_retry()] - Retrying request to /chat/completions in 0.384158 seconds
[2026-05-19 16:05:41] INFO [_base_client.py:1071 _sleep_for_retry()] - Retrying request to /chat/completions in 0.914101 seconds
[2026-05-19 16:05:42] ERROR [generatetext.py:299 _generate_leaf()] - 调用 ai_chat_with_progress 失败: Connection error.
[2026-05-19 16:05:42] INFO [_base_client.py:1071 _sleep_for_retry()] - Retrying request to /chat/completions in 0.382257 seconds
[2026-05-19 16:05:42] INFO [_base_client.py:1071 _sleep_for_retry()] - Retrying request to /chat/completions in 0.758337 seconds
[2026-05-19 16:05:43] ERROR [generatetext.py:299 _generate_leaf()] - 调用 ai_chat_with_progress 失败: Connection error.
[2026-05-19 16:05:43] INFO [_base_client.py:1071 _sleep_for_retry()] - Retrying request to /chat/completions in 0.429636 seconds
[2026-05-19 16:05:44] INFO [_base_client.py:1071 _sleep_for_retry()] - Retrying request to /chat/completions in 0.877194 seconds
[2026-05-19 16:05:45] ERROR [generatetext.py:299 _generate_leaf()] - 调用 ai_chat_with_progress 失败: Connection error.
[2026-05-19 16:05:45] INFO [_base_client.py:1071 _sleep_for_retry()] - Retrying request to /chat/completions in 0.398086 seconds
[2026-05-19 16:05:45] INFO [_base_client.py:1071 _sleep_for_retry()] - Retrying request to /chat/completions in 0.934103 seconds
[2026-05-19 16:05:46] ERROR [generatetext.py:299 _generate_leaf()] - 调用 ai_chat_with_progress 失败: Connection error.
[2026-05-19 16:05:47] INFO [_base_client.py:1071 _sleep_for_retry()] - Retrying request to /chat/completions in 0.455877 seconds
[2026-05-19 16:05:47] INFO [_base_client.py:1071 _sleep_for_retry()] - Retrying request to /chat/completions in 0.914355 seconds
[2026-05-19 16:05:48] ERROR [generatetext.py:299 _generate_leaf()] - 调用 ai_chat_with_progress 失败: Connection error.
[2026-05-19 16:05:48] INFO [_base_client.py:1071 _sleep_for_retry()] - Retrying request to /chat/completions in 0.451537 seconds
[2026-05-19 16:05:49] INFO [_base_client.py:1071 _sleep_for_retry()] - Retrying request to /chat/completions in 0.998708 seconds
[2026-05-19 16:05:50] ERROR [generatetext.py:299 _generate_leaf()] - 调用 ai_chat_with_progress 失败: Connection error.
[2026-05-19 16:05:50] INFO [_base_client.py:1071 _sleep_for_retry()] - Retrying request to /chat/completions in 0.391348 seconds
[2026-05-19 16:05:51] INFO [_base_client.py:1071 _sleep_for_retry()] - Retrying request to /chat/completions in 0.821485 seconds
[2026-05-19 16:05:52] ERROR [generatetext.py:299 _generate_leaf()] - 调用 ai_chat_with_progress 失败: Connection error.
[2026-05-19 16:05:52] INFO [_base_client.py:1071 _sleep_for_retry()] - Retrying request to /chat/completions in 0.440187 seconds
[2026-05-19 16:05:52] INFO [_base_client.py:1071 _sleep_for_retry()] - Retrying request to /chat/completions in 0.852957 seconds
[2026-05-19 16:05:53] ERROR [generatetext.py:299 _generate_leaf()] - 调用 ai_chat_with_progress 失败: Connection error.
[2026-05-19 16:05:54] INFO [_base_client.py:1071 _sleep_for_retry()] - Retrying request to /chat/completions in 0.466209 seconds
[2026-05-19 16:05:54] INFO [_base_client.py:1071 _sleep_for_retry()] - Retrying request to /chat/completions in 0.909407 seconds
[2026-05-19 16:05:55] ERROR [generatetext.py:299 _generate_leaf()] - 调用 ai_chat_with_progress 失败: Connection error.
[2026-05-19 16:05:55] INFO [_base_client.py:1071 _sleep_for_retry()] - Retrying request to /chat/completions in 0.414833 seconds
[2026-05-19 16:05:56] INFO [_base_client.py:1071 _sleep_for_retry()] - Retrying request to /chat/completions in 0.794576 seconds
[2026-05-19 16:05:56] ERROR [generatetext.py:299 _generate_leaf()] - 调用 ai_chat_with_progress 失败: Connection error.
[2026-05-19 16:05:57] INFO [_base_client.py:1071 _sleep_for_retry()] - Retrying request to /chat/completions in 0.384544 seconds
[2026-05-19 16:05:57] INFO [_base_client.py:1071 _sleep_for_retry()] - Retrying request to /chat/completions in 0.857562 seconds
[2026-05-19 16:05:58] ERROR [generatetext.py:299 _generate_leaf()] - 调用 ai_chat_with_progress 失败: Connection error.
[2026-05-19 16:05:58] INFO [_base_client.py:1071 _sleep_for_retry()] - Retrying request to /chat/completions in 0.499128 seconds
[2026-05-19 16:05:59] INFO [_base_client.py:1071 _sleep_for_retry()] - Retrying request to /chat/completions in 0.928005 seconds
[2026-05-19 16:06:00] ERROR [generatetext.py:299 _generate_leaf()] - 调用 ai_chat_with_progress 失败: Connection error.
[2026-05-19 16:06:00] INFO [_base_client.py:1071 _sleep_for_retry()] - Retrying request to /chat/completions in 0.376134 seconds
[2026-05-19 16:06:01] INFO [_base_client.py:1071 _sleep_for_retry()] - Retrying request to /chat/completions in 0.778582 seconds
[2026-05-19 16:06:01] ERROR [generatetext.py:299 _generate_leaf()] - 调用 ai_chat_with_progress 失败: Connection error.
[2026-05-19 16:06:02] INFO [_base_client.py:1071 _sleep_for_retry()] - Retrying request to /chat/completions in 0.462813 seconds
[2026-05-19 16:06:02] INFO [_base_client.py:1071 _sleep_for_retry()] - Retrying request to /chat/completions in 0.944471 seconds
[2026-05-19 16:06:03] ERROR [generatetext.py:299 _generate_leaf()] - 调用 ai_chat_with_progress 失败: Connection error.
[2026-05-19 16:06:03] INFO [_base_client.py:1071 _sleep_for_retry()] - Retrying request to /chat/completions in 0.447711 seconds
[2026-05-19 16:06:04] INFO [_base_client.py:1071 _sleep_for_retry()] - Retrying request to /chat/completions in 0.970941 seconds
[2026-05-19 16:06:05] ERROR [generatetext.py:299 _generate_leaf()] - 调用 ai_chat_with_progress 失败: Connection error.
[2026-05-19 16:06:05] INFO [_base_client.py:1071 _sleep_for_retry()] - Retrying request to /chat/completions in 0.436391 seconds
[2026-05-19 16:06:06] INFO [_base_client.py:1071 _sleep_for_retry()] - Retrying request to /chat/completions in 0.776042 seconds
[2026-05-19 16:06:06] ERROR [generatetext.py:299 _generate_leaf()] - 调用 ai_chat_with_progress 失败: Connection error.
[2026-05-19 16:06:07] INFO [_base_client.py:1071 _sleep_for_retry()] - Retrying request to /chat/completions in 0.386588 seconds
[2026-05-19 16:06:07] INFO [_base_client.py:1071 _sleep_for_retry()] - Retrying request to /chat/completions in 0.927081 seconds
[2026-05-19 16:06:08] ERROR [generatetext.py:299 _generate_leaf()] - 调用 ai_chat_with_progress 失败: Connection error.
[2026-05-19 16:06:08] INFO [_base_client.py:1071 _sleep_for_retry()] - Retrying request to /chat/completions in 0.378881 seconds
[2026-05-19 16:06:09] INFO [_base_client.py:1071 _sleep_for_retry()] - Retrying request to /chat/completions in 0.879406 seconds
[2026-05-19 16:06:10] ERROR [generatetext.py:299 _generate_leaf()] - 调用 ai_chat_with_progress 失败: Connection error.
[2026-05-19 16:06:10] INFO [_base_client.py:1071 _sleep_for_retry()] - Retrying request to /chat/completions in 0.484696 seconds
[2026-05-19 16:06:11] INFO [_base_client.py:1071 _sleep_for_retry()] - Retrying request to /chat/completions in 0.940189 seconds
[2026-05-19 16:06:11] ERROR [generatetext.py:299 _generate_leaf()] - 调用 ai_chat_with_progress 失败: Connection error.
[2026-05-19 16:06:12] INFO [_base_client.py:1071 _sleep_for_retry()] - Retrying request to /chat/completions in 0.389550 seconds
[2026-05-19 16:06:12] INFO [_base_client.py:1071 _sleep_for_retry()] - Retrying request to /chat/completions in 0.845028 seconds
[2026-05-19 16:06:13] ERROR [generatetext.py:299 _generate_leaf()] - 调用 ai_chat_with_progress 失败: Connection error.
[2026-05-19 16:06:13] INFO [_base_client.py:1071 _sleep_for_retry()] - Retrying request to /chat/completions in 0.485425 seconds
[2026-05-19 16:06:14] INFO [_base_client.py:1071 _sleep_for_retry()] - Retrying request to /chat/completions in 0.924082 seconds
[2026-05-19 16:06:15] ERROR [generatetext.py:299 _generate_leaf()] - 调用 ai_chat_with_progress 失败: Connection error.
[2026-05-19 16:06:15] INFO [_base_client.py:1071 _sleep_for_retry()] - Retrying request to /chat/completions in 0.489653 seconds
[2026-05-19 16:06:16] INFO [_base_client.py:1071 _sleep_for_retry()] - Retrying request to /chat/completions in 0.778062 seconds
[2026-05-19 16:06:16] ERROR [generatetext.py:299 _generate_leaf()] - 调用 ai_chat_with_progress 失败: Connection error.
[2026-05-19 16:06:17] INFO [_base_client.py:1071 _sleep_for_retry()] - Retrying request to /chat/completions in 0.460244 seconds
[2026-05-19 16:06:17] INFO [_base_client.py:1071 _sleep_for_retry()] - Retrying request to /chat/completions in 0.767781 seconds
